// Jest Snapshot v1, https://goo.gl/fbAQLP

exports[`DOM rendering DOM snapshot of Card 1`] = `
<div
  className="card card-raise"
>
  <div
    className="card-row"
    key="OS No"
  >
    <span
      className="card-row-first-span"
    >
      <i
        className="fa fa-file-text-o"
      />
      <strong>
        OS No
      </strong>
    </span>
    <span
      className="card-row-second-span"
    >
      undefined/undefined
    </span>
  </div>
  <div
    className="card-row"
    key="Place"
  >
    <span
      className="card-row-first-span"
    >
      <i
        className="fa fa-map-marker"
      />
      <strong>
        Place
      </strong>
    </span>
    <span
      className="card-row-second-span"
    />
  </div>
  <div
    className="card-row"
    key="Court"
  >
    <span
      className="card-row-first-span"
    >
      <i
        className="fa fa-bank"
      />
      <strong>
        Court
      </strong>
    </span>
    <span
      className="card-row-second-span"
    />
  </div>
  <div
    className="card-row"
    key="Stage"
  >
    <span
      className="card-row-first-span"
    >
      <i
        className="fa fa-check"
      />
      <strong>
        Stage
      </strong>
    </span>
    <span
      className="card-row-second-span"
    />
  </div>
  <div
    className="card-row"
    key="Next Date"
  >
    <span
      className="card-row-first-span"
    >
      <i
        className="fa fa-calendar-check-o"
      />
      <strong>
        Next Date
      </strong>
    </span>
    <span
      className="card-row-second-span"
    >
      Invalid Date
    </span>
  </div>
  <div
    className="card-row"
    key="Case Type"
  >
    <span
      className="card-row-first-span"
    >
      <i
        className="fa fa-sitemap"
      />
      <strong>
        Case Type
      </strong>
    </span>
    <span
      className="card-row-second-span"
    >
      undefined -&gt; undefined
    </span>
  </div>
</div>
`;
