// Jest Snapshot v1, https://goo.gl/fbAQLP

exports[`DOM rendering DOM snapshot of LandingPage 1`] = `
<div
  className="landing-container"
>
  <div
    className="landing-header"
  >
    <img
      alt="company header logo"
      height="100%"
      src="Logo.png"
    />
    <div
      className="user-div"
    >
      <span />
      <div
        className="user-image"
      />
    </div>
  </div>
  <div
    className="landing-actions"
  />
  <div
    className="landing-body"
  />
</div>
`;
